<?xml version="1.0" encoding="utf-8"?><ArrayOfNHDataWrapper xmlns:i="http://www.w3.org/2001/XMLSchema-instance" xmlns="http://www.nighthawk.com/nighthawk/service/NHData/2009/10"><NHDataWrapper><Data z:Id="i1" xmlns:d3p1="http://nighthawk.vss.com/data/2009/03" i:type="d3p1:DataFaultDiagnostic" xmlns:z="http://schemas.microsoft.com/2003/10/Serialization/"><EntityKey xmlns:d4p1="http://schemas.datacontract.org/2004/07/System.Data" i:nil="true" xmlns="http://schemas.datacontract.org/2004/07/System.Data.Objects.DataClasses" /><d3p1:AssetID>382</d3p1:AssetID><d3p1:CID>168</d3p1:CID><d3p1:DebugRefID>0</d3p1:DebugRefID><d3p1:DeviceType>Unknown</d3p1:DeviceType><d3p1:DimDatalink i:nil="true" /><d3p1:DimDatalinkReference xmlns:d4p1="http://schemas.datacontract.org/2004/07/System.Data.Objects.DataClasses"><d4p1:EntityKey xmlns:d5p1="http://schemas.datacontract.org/2004/07/System.Data" i:nil="true" /></d3p1:DimDatalinkReference><d3p1:DimSeverityLevel i:nil="true" /><d3p1:DimSeverityLevelReference xmlns:d4p1="http://schemas.datacontract.org/2004/07/System.Data.Objects.DataClasses"><d4p1:EntityKey xmlns:d5p1="http://schemas.datacontract.org/2004/07/System.Data" i:nil="true" /></d3p1:DimSeverityLevelReference><d3p1:DimSource i:nil="true" /><d3p1:DimSourceReference xmlns:d4p1="http://schemas.datacontract.org/2004/07/System.Data.Objects.DataClasses"><d4p1:EntityKey xmlns:d5p1="http://schemas.datacontract.org/2004/07/System.Data" i:nil="true" /></d3p1:DimSourceReference><d3p1:EventUTC>2009-09-15T04:39:57</d3p1:EventUTC><d3p1:FMI>4</d3p1:FMI><d3p1:GPSDeviceID i:nil="true" /><d3p1:ID>0</d3p1:ID><d3p1:InsertUTC>0001-01-01T00:00:00</d3p1:InsertUTC><d3p1:MID>81</d3p1:MID><d3p1:Occurrences>56</d3p1:Occurrences><d3p1:SourceMsgID>119316202</d3p1:SourceMsgID><d3p1:fk_DimDatalinkID>1</d3p1:fk_DimDatalinkID><d3p1:fk_DimSeverityLevelID>2</d3p1:fk_DimSeverityLevelID><d3p1:fk_DimSourceID>1</d3p1:fk_DimSourceID></Data><StoreAttempts>0</StoreAttempts></NHDataWrapper><NHDataWrapper><Data z:Id="i2" xmlns:d3p1="http://nighthawk.vss.com/data/2009/03" i:type="d3p1:DataFaultDiagnostic" xmlns:z="http://schemas.microsoft.com/2003/10/Serialization/"><EntityKey xmlns:d4p1="http://schemas.datacontract.org/2004/07/System.Data" i:nil="true" xmlns="http://schemas.datacontract.org/2004/07/System.Data.Objects.DataClasses" /><d3p1:AssetID>383</d3p1:AssetID><d3p1:CID>96</d3p1:CID><d3p1:DebugRefID>0</d3p1:DebugRefID><d3p1:DeviceType>Unknown</d3p1:DeviceType><d3p1:DimDatalink i:nil="true" /><d3p1:DimDatalinkReference xmlns:d4p1="http://schemas.datacontract.org/2004/07/System.Data.Objects.DataClasses"><d4p1:EntityKey xmlns:d5p1="http://schemas.datacontract.org/2004/07/System.Data" i:nil="true" /></d3p1:DimDatalinkReference><d3p1:DimSeverityLevel i:nil="true" /><d3p1:DimSeverityLevelReference xmlns:d4p1="http://schemas.datacontract.org/2004/07/System.Data.Objects.DataClasses"><d4p1:EntityKey xmlns:d5p1="http://schemas.datacontract.org/2004/07/System.Data" i:nil="true" /></d3p1:DimSeverityLevelReference><d3p1:DimSource i:nil="true" /><d3p1:DimSourceReference xmlns:d4p1="http://schemas.datacontract.org/2004/07/System.Data.Objects.DataClasses"><d4p1:EntityKey xmlns:d5p1="http://schemas.datacontract.org/2004/07/System.Data" i:nil="true" /></d3p1:DimSourceReference><d3p1:EventUTC>2009-09-16T13:52:38</d3p1:EventUTC><d3p1:FMI>3</d3p1:FMI><d3p1:GPSDeviceID i:nil="true" /><d3p1:ID>0</d3p1:ID><d3p1:InsertUTC>0001-01-01T00:00:00</d3p1:InsertUTC><d3p1:MID>30</d3p1:MID><d3p1:Occurrences>102</d3p1:Occurrences><d3p1:SourceMsgID>119316953</d3p1:SourceMsgID><d3p1:fk_DimDatalinkID>1</d3p1:fk_DimDatalinkID><d3p1:fk_DimSeverityLevelID>2</d3p1:fk_DimSeverityLevelID><d3p1:fk_DimSourceID>1</d3p1:fk_DimSourceID></Data><StoreAttempts>0</StoreAttempts></NHDataWrapper><NHDataWrapper><Data z:Id="i3" xmlns:d3p1="http://nighthawk.vss.com/data/2009/03" i:type="d3p1:DataFaultDiagnostic" xmlns:z="http://schemas.microsoft.com/2003/10/Serialization/"><EntityKey xmlns:d4p1="http://schemas.datacontract.org/2004/07/System.Data" i:nil="true" xmlns="http://schemas.datacontract.org/2004/07/System.Data.Objects.DataClasses" /><d3p1:AssetID>383</d3p1:AssetID><d3p1:CID>96</d3p1:CID><d3p1:DebugRefID>0</d3p1:DebugRefID><d3p1:DeviceType>Unknown</d3p1:DeviceType><d3p1:DimDatalink i:nil="true" /><d3p1:DimDatalinkReference xmlns:d4p1="http://schemas.datacontract.org/2004/07/System.Data.Objects.DataClasses"><d4p1:EntityKey xmlns:d5p1="http://schemas.datacontract.org/2004/07/System.Data" i:nil="true" /></d3p1:DimDatalinkReference><d3p1:DimSeverityLevel i:nil="true" /><d3p1:DimSeverityLevelReference xmlns:d4p1="http://schemas.datacontract.org/2004/07/System.Data.Objects.DataClasses"><d4p1:EntityKey xmlns:d5p1="http://schemas.datacontract.org/2004/07/System.Data" i:nil="true" /></d3p1:DimSeverityLevelReference><d3p1:DimSource i:nil="true" /><d3p1:DimSourceReference xmlns:d4p1="http://schemas.datacontract.org/2004/07/System.Data.Objects.DataClasses"><d4p1:EntityKey xmlns:d5p1="http://schemas.datacontract.org/2004/07/System.Data" i:nil="true" /></d3p1:DimSourceReference><d3p1:EventUTC>2009-09-16T17:54:38</d3p1:EventUTC><d3p1:FMI>3</d3p1:FMI><d3p1:GPSDeviceID i:nil="true" /><d3p1:ID>0</d3p1:ID><d3p1:InsertUTC>0001-01-01T00:00:00</d3p1:InsertUTC><d3p1:MID>30</d3p1:MID><d3p1:Occurrences>125</d3p1:Occurrences><d3p1:SourceMsgID>119316953</d3p1:SourceMsgID><d3p1:fk_DimDatalinkID>1</d3p1:fk_DimDatalinkID><d3p1:fk_DimSeverityLevelID>2</d3p1:fk_DimSeverityLevelID><d3p1:fk_DimSourceID>1</d3p1:fk_DimSourceID></Data><StoreAttempts>0</StoreAttempts></NHDataWrapper></ArrayOfNHDataWrapper>