<?xml version="1.0" encoding="utf-8"?>
<ArrayOfNHDataWrapper xmlns:i="http://www.w3.org/2001/XMLSchema-instance"
xmlns="http://www.nighthawk.com/nighthawk/service/NHData/2009/10">
  <NHDataWrapper>
    <Data z:Id="i1"
    xmlns:d3p1="http://nighthawk.vss.com/data/2009/03"
    i:type="d3p1:DataEngineParameters"
    xmlns:z="http://schemas.microsoft.com/2003/10/Serialization/">
      <EntityKey xmlns:d4p1="http://schemas.datacontract.org/2004/07/System.Data"
      i:nil="true"
      xmlns="http://schemas.datacontract.org/2004/07/System.Data.Objects.DataClasses" />
      <d3p1:AssetID>0</d3p1:AssetID>
      <d3p1:ConsumptionGallons i:nil="true" />
      <d3p1:DebugRefID>0</d3p1:DebugRefID>
      <d3p1:DeviceType>ProductLink</d3p1:DeviceType>
      <d3p1:DimSource i:nil="true" />
      <d3p1:DimSourceReference xmlns:d4p1="http://schemas.datacontract.org/2004/07/System.Data.Objects.DataClasses">

        <d4p1:EntityKey xmlns:d5p1="http://schemas.datacontract.org/2004/07/System.Data"
        i:nil="true" />
      </d3p1:DimSourceReference>
      <d3p1:EngineIdleHours>54.35</d3p1:EngineIdleHours>
      <d3p1:EventUTC>2008-03-31T23:56:26</d3p1:EventUTC>
      <d3p1:GPSDeviceID>-DQ0200052437Q1</d3p1:GPSDeviceID>

      <d3p1:ID>0</d3p1:ID>
      <d3p1:IdleFuelGallons>51.125</d3p1:IdleFuelGallons>
      <d3p1:InsertUTC>0001-01-01T00:00:00</d3p1:InsertUTC>
      <d3p1:LevelPercent i:nil="true" />
      <d3p1:MID i:nil="true" />
      <d3p1:MachineIdleFuelGallons i:nil="true" />
      <d3p1:MachineIdleHours i:nil="true" />
      <d3p1:MaxFuelGallons>3267.875</d3p1:MaxFuelGallons>
      <d3p1:Revolutions>5391853</d3p1:Revolutions>
      <d3p1:SourceMsgID>68383702</d3p1:SourceMsgID>
      <d3p1:Starts>245</d3p1:Starts>
      <d3p1:UpdateUTC>0001-01-01T00:00:00</d3p1:UpdateUTC>
      <d3p1:fk_DimSourceID>1</d3p1:fk_DimSourceID>
    </Data>
    <StoreAttempts>0</StoreAttempts>
  </NHDataWrapper>
  <NHDataWrapper>
    <Data z:Id="i2"
    xmlns:d3p1="http://nighthawk.vss.com/data/2009/03"
    i:type="d3p1:DataEngineParameters"
    xmlns:z="http://schemas.microsoft.com/2003/10/Serialization/">
      <EntityKey xmlns:d4p1="http://schemas.datacontract.org/2004/07/System.Data"
      i:nil="true"
      xmlns="http://schemas.datacontract.org/2004/07/System.Data.Objects.DataClasses" />
      <d3p1:AssetID>0</d3p1:AssetID>
      <d3p1:ConsumptionGallons i:nil="true" />
      <d3p1:DebugRefID>0</d3p1:DebugRefID>
      <d3p1:DeviceType>ProductLink</d3p1:DeviceType>
      <d3p1:DimSource i:nil="true" />
      <d3p1:DimSourceReference xmlns:d4p1="http://schemas.datacontract.org/2004/07/System.Data.Objects.DataClasses">

        <d4p1:EntityKey xmlns:d5p1="http://schemas.datacontract.org/2004/07/System.Data"
        i:nil="true" />

      </d3p1:DimSourceReference>
      <d3p1:EngineIdleHours i:nil="true" />
      <d3p1:EventUTC>2008-03-31T23:48:58</d3p1:EventUTC>
      <d3p1:GPSDeviceID>-DQ0000031110Q1</d3p1:GPSDeviceID>

      <d3p1:ID>0</d3p1:ID>
      <d3p1:IdleFuelGallons i:nil="true" />
      <d3p1:InsertUTC>0001-01-01T00:00:00</d3p1:InsertUTC>
      <d3p1:LevelPercent i:nil="true" />
      <d3p1:MID i:nil="true" />
      <d3p1:MachineIdleFuelGallons i:nil="true" />
      <d3p1:MachineIdleHours i:nil="true" />
      <d3p1:MaxFuelGallons i:nil="true" />
      <d3p1:Revolutions i:nil="true" />
      <d3p1:SourceMsgID>68383707</d3p1:SourceMsgID>
      <d3p1:Starts i:nil="true" />
      <d3p1:UpdateUTC>0001-01-01T00:00:00</d3p1:UpdateUTC>
      <d3p1:fk_DimSourceID>1</d3p1:fk_DimSourceID>
    </Data>
    <StoreAttempts>0</StoreAttempts>
  </NHDataWrapper>
</ArrayOfNHDataWrapper>
