<?xml version="1.0" encoding="utf-8"?><ArrayOfNHDataWrapper xmlns:i="http://www.w3.org/2001/XMLSchema-instance" xmlns="http://www.nighthawk.com/nighthawk/service/NHData/2009/10"><NHDataWrapper><Data z:Id="i1" xmlns:d3p1="http://nighthawk.vss.com/data/2009/03" i:type="d3p1:DataEngineStartStop" xmlns:z="http://schemas.microsoft.com/2003/10/Serialization/"><EntityKey xmlns:d4p1="http://schemas.datacontract.org/2004/07/System.Data" i:nil="true" xmlns="http://schemas.datacontract.org/2004/07/System.Data.Objects.DataClasses" /><d3p1:AssetID>364</d3p1:AssetID><d3p1:DebugRefID>0</d3p1:DebugRefID><d3p1:DeviceType>Unknown</d3p1:DeviceType><d3p1:DimSource i:nil="true" /><d3p1:DimSourceReference xmlns:d4p1="http://schemas.datacontract.org/2004/07/System.Data.Objects.DataClasses"><d4p1:EntityKey xmlns:d5p1="http://schemas.datacontract.org/2004/07/System.Data" i:nil="true" /></d3p1:DimSourceReference><d3p1:EventUTC>2009-09-16T06:44:56</d3p1:EventUTC><d3p1:GPSDeviceID i:nil="true" /><d3p1:ID>0</d3p1:ID><d3p1:InsertUTC>0001-01-01T00:00:00</d3p1:InsertUTC><d3p1:IsStart>true</d3p1:IsStart><d3p1:SourceMsgID>119315446</d3p1:SourceMsgID><d3p1:fk_DimSourceID>1</d3p1:fk_DimSourceID></Data><StoreAttempts>0</StoreAttempts></NHDataWrapper><NHDataWrapper><Data z:Id="i2" xmlns:d3p1="http://nighthawk.vss.com/data/2009/03" i:type="d3p1:DataEngineStartStop" xmlns:z="http://schemas.microsoft.com/2003/10/Serialization/"><EntityKey xmlns:d4p1="http://schemas.datacontract.org/2004/07/System.Data" i:nil="true" xmlns="http://schemas.datacontract.org/2004/07/System.Data.Objects.DataClasses" /><d3p1:AssetID>364</d3p1:AssetID><d3p1:DebugRefID>0</d3p1:DebugRefID><d3p1:DeviceType>Unknown</d3p1:DeviceType><d3p1:DimSource i:nil="true" /><d3p1:DimSourceReference xmlns:d4p1="http://schemas.datacontract.org/2004/07/System.Data.Objects.DataClasses"><d4p1:EntityKey xmlns:d5p1="http://schemas.datacontract.org/2004/07/System.Data" i:nil="true" /></d3p1:DimSourceReference><d3p1:EventUTC>2009-09-16T08:35:42</d3p1:EventUTC><d3p1:GPSDeviceID i:nil="true" /><d3p1:ID>0</d3p1:ID><d3p1:InsertUTC>0001-01-01T00:00:00</d3p1:InsertUTC><d3p1:IsStart>false</d3p1:IsStart><d3p1:SourceMsgID>119315446</d3p1:SourceMsgID><d3p1:fk_DimSourceID>1</d3p1:fk_DimSourceID></Data><StoreAttempts>0</StoreAttempts></NHDataWrapper><NHDataWrapper><Data z:Id="i3" xmlns:d3p1="http://nighthawk.vss.com/data/2009/03" i:type="d3p1:DataEngineStartStop" xmlns:z="http://schemas.microsoft.com/2003/10/Serialization/"><EntityKey xmlns:d4p1="http://schemas.datacontract.org/2004/07/System.Data" i:nil="true" xmlns="http://schemas.datacontract.org/2004/07/System.Data.Objects.DataClasses" /><d3p1:AssetID>364</d3p1:AssetID><d3p1:DebugRefID>0</d3p1:DebugRefID><d3p1:DeviceType>Unknown</d3p1:DeviceType><d3p1:DimSource i:nil="true" /><d3p1:DimSourceReference xmlns:d4p1="http://schemas.datacontract.org/2004/07/System.Data.Objects.DataClasses"><d4p1:EntityKey xmlns:d5p1="http://schemas.datacontract.org/2004/07/System.Data" i:nil="true" /></d3p1:DimSourceReference><d3p1:EventUTC>2009-09-16T10:07:08</d3p1:EventUTC><d3p1:GPSDeviceID i:nil="true" /><d3p1:ID>0</d3p1:ID><d3p1:InsertUTC>0001-01-01T00:00:00</d3p1:InsertUTC><d3p1:IsStart>true</d3p1:IsStart><d3p1:SourceMsgID>119315446</d3p1:SourceMsgID><d3p1:fk_DimSourceID>1</d3p1:fk_DimSourceID></Data><StoreAttempts>0</StoreAttempts></NHDataWrapper><NHDataWrapper><Data z:Id="i4" xmlns:d3p1="http://nighthawk.vss.com/data/2009/03" i:type="d3p1:DataEngineStartStop" xmlns:z="http://schemas.microsoft.com/2003/10/Serialization/"><EntityKey xmlns:d4p1="http://schemas.datacontract.org/2004/07/System.Data" i:nil="true" xmlns="http://schemas.datacontract.org/2004/07/System.Data.Objects.DataClasses" /><d3p1:AssetID>364</d3p1:AssetID><d3p1:DebugRefID>0</d3p1:DebugRefID><d3p1:DeviceType>Unknown</d3p1:DeviceType><d3p1:DimSource i:nil="true" /><d3p1:DimSourceReference xmlns:d4p1="http://schemas.datacontract.org/2004/07/System.Data.Objects.DataClasses"><d4p1:EntityKey xmlns:d5p1="http://schemas.datacontract.org/2004/07/System.Data" i:nil="true" /></d3p1:DimSourceReference><d3p1:EventUTC>2009-09-16T10:07:18</d3p1:EventUTC><d3p1:GPSDeviceID i:nil="true" /><d3p1:ID>0</d3p1:ID><d3p1:InsertUTC>0001-01-01T00:00:00</d3p1:InsertUTC><d3p1:IsStart>false</d3p1:IsStart><d3p1:SourceMsgID>119315446</d3p1:SourceMsgID><d3p1:fk_DimSourceID>1</d3p1:fk_DimSourceID></Data><StoreAttempts>0</StoreAttempts></NHDataWrapper><NHDataWrapper><Data z:Id="i5" xmlns:d3p1="http://nighthawk.vss.com/data/2009/03" i:type="d3p1:DataEngineStartStop" xmlns:z="http://schemas.microsoft.com/2003/10/Serialization/"><EntityKey xmlns:d4p1="http://schemas.datacontract.org/2004/07/System.Data" i:nil="true" xmlns="http://schemas.datacontract.org/2004/07/System.Data.Objects.DataClasses" /><d3p1:AssetID>364</d3p1:AssetID><d3p1:DebugRefID>0</d3p1:DebugRefID><d3p1:DeviceType>Unknown</d3p1:DeviceType><d3p1:DimSource i:nil="true" /><d3p1:DimSourceReference xmlns:d4p1="http://schemas.datacontract.org/2004/07/System.Data.Objects.DataClasses"><d4p1:EntityKey xmlns:d5p1="http://schemas.datacontract.org/2004/07/System.Data" i:nil="true" /></d3p1:DimSourceReference><d3p1:EventUTC>2009-09-16T10:32:46</d3p1:EventUTC><d3p1:GPSDeviceID i:nil="true" /><d3p1:ID>0</d3p1:ID><d3p1:InsertUTC>0001-01-01T00:00:00</d3p1:InsertUTC><d3p1:IsStart>true</d3p1:IsStart><d3p1:SourceMsgID>119315446</d3p1:SourceMsgID><d3p1:fk_DimSourceID>1</d3p1:fk_DimSourceID></Data><StoreAttempts>0</StoreAttempts></NHDataWrapper><NHDataWrapper><Data z:Id="i6" xmlns:d3p1="http://nighthawk.vss.com/data/2009/03" i:type="d3p1:DataEngineStartStop" xmlns:z="http://schemas.microsoft.com/2003/10/Serialization/"><EntityKey xmlns:d4p1="http://schemas.datacontract.org/2004/07/System.Data" i:nil="true" xmlns="http://schemas.datacontract.org/2004/07/System.Data.Objects.DataClasses" /><d3p1:AssetID>364</d3p1:AssetID><d3p1:DebugRefID>0</d3p1:DebugRefID><d3p1:DeviceType>Unknown</d3p1:DeviceType><d3p1:DimSource i:nil="true" /><d3p1:DimSourceReference xmlns:d4p1="http://schemas.datacontract.org/2004/07/System.Data.Objects.DataClasses"><d4p1:EntityKey xmlns:d5p1="http://schemas.datacontract.org/2004/07/System.Data" i:nil="true" /></d3p1:DimSourceReference><d3p1:EventUTC>2009-09-16T11:53:55</d3p1:EventUTC><d3p1:GPSDeviceID i:nil="true" /><d3p1:ID>0</d3p1:ID><d3p1:InsertUTC>0001-01-01T00:00:00</d3p1:InsertUTC><d3p1:IsStart>false</d3p1:IsStart><d3p1:SourceMsgID>119315446</d3p1:SourceMsgID><d3p1:fk_DimSourceID>1</d3p1:fk_DimSourceID></Data><StoreAttempts>0</StoreAttempts></NHDataWrapper><NHDataWrapper><Data z:Id="i7" xmlns:d3p1="http://nighthawk.vss.com/data/2009/03" i:type="d3p1:DataEngineStartStop" xmlns:z="http://schemas.microsoft.com/2003/10/Serialization/"><EntityKey xmlns:d4p1="http://schemas.datacontract.org/2004/07/System.Data" i:nil="true" xmlns="http://schemas.datacontract.org/2004/07/System.Data.Objects.DataClasses" /><d3p1:AssetID>364</d3p1:AssetID><d3p1:DebugRefID>0</d3p1:DebugRefID><d3p1:DeviceType>Unknown</d3p1:DeviceType><d3p1:DimSource i:nil="true" /><d3p1:DimSourceReference xmlns:d4p1="http://schemas.datacontract.org/2004/07/System.Data.Objects.DataClasses"><d4p1:EntityKey xmlns:d5p1="http://schemas.datacontract.org/2004/07/System.Data" i:nil="true" /></d3p1:DimSourceReference><d3p1:EventUTC>2009-09-16T12:44:19</d3p1:EventUTC><d3p1:GPSDeviceID i:nil="true" /><d3p1:ID>0</d3p1:ID><d3p1:InsertUTC>0001-01-01T00:00:00</d3p1:InsertUTC><d3p1:IsStart>true</d3p1:IsStart><d3p1:SourceMsgID>119315446</d3p1:SourceMsgID><d3p1:fk_DimSourceID>1</d3p1:fk_DimSourceID></Data><StoreAttempts>0</StoreAttempts></NHDataWrapper><NHDataWrapper><Data z:Id="i8" xmlns:d3p1="http://nighthawk.vss.com/data/2009/03" i:type="d3p1:DataEngineStartStop" xmlns:z="http://schemas.microsoft.com/2003/10/Serialization/"><EntityKey xmlns:d4p1="http://schemas.datacontract.org/2004/07/System.Data" i:nil="true" xmlns="http://schemas.datacontract.org/2004/07/System.Data.Objects.DataClasses" /><d3p1:AssetID>364</d3p1:AssetID><d3p1:DebugRefID>0</d3p1:DebugRefID><d3p1:DeviceType>Unknown</d3p1:DeviceType><d3p1:DimSource i:nil="true" /><d3p1:DimSourceReference xmlns:d4p1="http://schemas.datacontract.org/2004/07/System.Data.Objects.DataClasses"><d4p1:EntityKey xmlns:d5p1="http://schemas.datacontract.org/2004/07/System.Data" i:nil="true" /></d3p1:DimSourceReference><d3p1:EventUTC>2009-09-16T14:23:12</d3p1:EventUTC><d3p1:GPSDeviceID i:nil="true" /><d3p1:ID>0</d3p1:ID><d3p1:InsertUTC>0001-01-01T00:00:00</d3p1:InsertUTC><d3p1:IsStart>false</d3p1:IsStart><d3p1:SourceMsgID>119315446</d3p1:SourceMsgID><d3p1:fk_DimSourceID>1</d3p1:fk_DimSourceID></Data><StoreAttempts>0</StoreAttempts></NHDataWrapper><NHDataWrapper><Data z:Id="i9" xmlns:d3p1="http://nighthawk.vss.com/data/2009/03" i:type="d3p1:DataEngineStartStop" xmlns:z="http://schemas.microsoft.com/2003/10/Serialization/"><EntityKey xmlns:d4p1="http://schemas.datacontract.org/2004/07/System.Data" i:nil="true" xmlns="http://schemas.datacontract.org/2004/07/System.Data.Objects.DataClasses" /><d3p1:AssetID>364</d3p1:AssetID><d3p1:DebugRefID>0</d3p1:DebugRefID><d3p1:DeviceType>Unknown</d3p1:DeviceType><d3p1:DimSource i:nil="true" /><d3p1:DimSourceReference xmlns:d4p1="http://schemas.datacontract.org/2004/07/System.Data.Objects.DataClasses"><d4p1:EntityKey xmlns:d5p1="http://schemas.datacontract.org/2004/07/System.Data" i:nil="true" /></d3p1:DimSourceReference><d3p1:EventUTC>2009-09-16T15:06:31</d3p1:EventUTC><d3p1:GPSDeviceID i:nil="true" /><d3p1:ID>0</d3p1:ID><d3p1:InsertUTC>0001-01-01T00:00:00</d3p1:InsertUTC><d3p1:IsStart>true</d3p1:IsStart><d3p1:SourceMsgID>119315446</d3p1:SourceMsgID><d3p1:fk_DimSourceID>1</d3p1:fk_DimSourceID></Data><StoreAttempts>0</StoreAttempts></NHDataWrapper><NHDataWrapper><Data z:Id="i10" xmlns:d3p1="http://nighthawk.vss.com/data/2009/03" i:type="d3p1:DataEngineStartStop" xmlns:z="http://schemas.microsoft.com/2003/10/Serialization/"><EntityKey xmlns:d4p1="http://schemas.datacontract.org/2004/07/System.Data" i:nil="true" xmlns="http://schemas.datacontract.org/2004/07/System.Data.Objects.DataClasses" /><d3p1:AssetID>364</d3p1:AssetID><d3p1:DebugRefID>0</d3p1:DebugRefID><d3p1:DeviceType>Unknown</d3p1:DeviceType><d3p1:DimSource i:nil="true" /><d3p1:DimSourceReference xmlns:d4p1="http://schemas.datacontract.org/2004/07/System.Data.Objects.DataClasses"><d4p1:EntityKey xmlns:d5p1="http://schemas.datacontract.org/2004/07/System.Data" i:nil="true" /></d3p1:DimSourceReference><d3p1:EventUTC>2009-09-16T16:31:31</d3p1:EventUTC><d3p1:GPSDeviceID i:nil="true" /><d3p1:ID>0</d3p1:ID><d3p1:InsertUTC>0001-01-01T00:00:00</d3p1:InsertUTC><d3p1:IsStart>false</d3p1:IsStart><d3p1:SourceMsgID>119315446</d3p1:SourceMsgID><d3p1:fk_DimSourceID>1</d3p1:fk_DimSourceID></Data><StoreAttempts>0</StoreAttempts></NHDataWrapper><NHDataWrapper><Data z:Id="i11" xmlns:d3p1="http://nighthawk.vss.com/data/2009/03" i:type="d3p1:DataEngineStartStop" xmlns:z="http://schemas.microsoft.com/2003/10/Serialization/"><EntityKey xmlns:d4p1="http://schemas.datacontract.org/2004/07/System.Data" i:nil="true" xmlns="http://schemas.datacontract.org/2004/07/System.Data.Objects.DataClasses" /><d3p1:AssetID>365</d3p1:AssetID><d3p1:DebugRefID>0</d3p1:DebugRefID><d3p1:DeviceType>Unknown</d3p1:DeviceType><d3p1:DimSource i:nil="true" /><d3p1:DimSourceReference xmlns:d4p1="http://schemas.datacontract.org/2004/07/System.Data.Objects.DataClasses"><d4p1:EntityKey xmlns:d5p1="http://schemas.datacontract.org/2004/07/System.Data" i:nil="true" /></d3p1:DimSourceReference><d3p1:EventUTC>2009-09-16T10:14:12</d3p1:EventUTC><d3p1:GPSDeviceID i:nil="true" /><d3p1:ID>0</d3p1:ID><d3p1:InsertUTC>0001-01-01T00:00:00</d3p1:InsertUTC><d3p1:IsStart>true</d3p1:IsStart><d3p1:SourceMsgID>119315586</d3p1:SourceMsgID><d3p1:fk_DimSourceID>1</d3p1:fk_DimSourceID></Data><StoreAttempts>0</StoreAttempts></NHDataWrapper><NHDataWrapper><Data z:Id="i12" xmlns:d3p1="http://nighthawk.vss.com/data/2009/03" i:type="d3p1:DataEngineStartStop" xmlns:z="http://schemas.microsoft.com/2003/10/Serialization/"><EntityKey xmlns:d4p1="http://schemas.datacontract.org/2004/07/System.Data" i:nil="true" xmlns="http://schemas.datacontract.org/2004/07/System.Data.Objects.DataClasses" /><d3p1:AssetID>365</d3p1:AssetID><d3p1:DebugRefID>0</d3p1:DebugRefID><d3p1:DeviceType>Unknown</d3p1:DeviceType><d3p1:DimSource i:nil="true" /><d3p1:DimSourceReference xmlns:d4p1="http://schemas.datacontract.org/2004/07/System.Data.Objects.DataClasses"><d4p1:EntityKey xmlns:d5p1="http://schemas.datacontract.org/2004/07/System.Data" i:nil="true" /></d3p1:DimSourceReference><d3p1:EventUTC>2009-09-16T10:30:17</d3p1:EventUTC><d3p1:GPSDeviceID i:nil="true" /><d3p1:ID>0</d3p1:ID><d3p1:InsertUTC>0001-01-01T00:00:00</d3p1:InsertUTC><d3p1:IsStart>false</d3p1:IsStart><d3p1:SourceMsgID>119315586</d3p1:SourceMsgID><d3p1:fk_DimSourceID>1</d3p1:fk_DimSourceID></Data><StoreAttempts>0</StoreAttempts></NHDataWrapper><NHDataWrapper><Data z:Id="i13" xmlns:d3p1="http://nighthawk.vss.com/data/2009/03" i:type="d3p1:DataEngineStartStop" xmlns:z="http://schemas.microsoft.com/2003/10/Serialization/"><EntityKey xmlns:d4p1="http://schemas.datacontract.org/2004/07/System.Data" i:nil="true" xmlns="http://schemas.datacontract.org/2004/07/System.Data.Objects.DataClasses" /><d3p1:AssetID>365</d3p1:AssetID><d3p1:DebugRefID>0</d3p1:DebugRefID><d3p1:DeviceType>Unknown</d3p1:DeviceType><d3p1:DimSource i:nil="true" /><d3p1:DimSourceReference xmlns:d4p1="http://schemas.datacontract.org/2004/07/System.Data.Objects.DataClasses"><d4p1:EntityKey xmlns:d5p1="http://schemas.datacontract.org/2004/07/System.Data" i:nil="true" /></d3p1:DimSourceReference><d3p1:EventUTC>2009-09-16T12:47:33</d3p1:EventUTC><d3p1:GPSDeviceID i:nil="true" /><d3p1:ID>0</d3p1:ID><d3p1:InsertUTC>0001-01-01T00:00:00</d3p1:InsertUTC><d3p1:IsStart>true</d3p1:IsStart><d3p1:SourceMsgID>119315586</d3p1:SourceMsgID><d3p1:fk_DimSourceID>1</d3p1:fk_DimSourceID></Data><StoreAttempts>0</StoreAttempts></NHDataWrapper><NHDataWrapper><Data z:Id="i14" xmlns:d3p1="http://nighthawk.vss.com/data/2009/03" i:type="d3p1:DataEngineStartStop" xmlns:z="http://schemas.microsoft.com/2003/10/Serialization/"><EntityKey xmlns:d4p1="http://schemas.datacontract.org/2004/07/System.Data" i:nil="true" xmlns="http://schemas.datacontract.org/2004/07/System.Data.Objects.DataClasses" /><d3p1:AssetID>365</d3p1:AssetID><d3p1:DebugRefID>0</d3p1:DebugRefID><d3p1:DeviceType>Unknown</d3p1:DeviceType><d3p1:DimSource i:nil="true" /><d3p1:DimSourceReference xmlns:d4p1="http://schemas.datacontract.org/2004/07/System.Data.Objects.DataClasses"><d4p1:EntityKey xmlns:d5p1="http://schemas.datacontract.org/2004/07/System.Data" i:nil="true" /></d3p1:DimSourceReference><d3p1:EventUTC>2009-09-16T12:56:47</d3p1:EventUTC><d3p1:GPSDeviceID i:nil="true" /><d3p1:ID>0</d3p1:ID><d3p1:InsertUTC>0001-01-01T00:00:00</d3p1:InsertUTC><d3p1:IsStart>false</d3p1:IsStart><d3p1:SourceMsgID>119315586</d3p1:SourceMsgID><d3p1:fk_DimSourceID>1</d3p1:fk_DimSourceID></Data><StoreAttempts>0</StoreAttempts></NHDataWrapper><NHDataWrapper><Data z:Id="i15" xmlns:d3p1="http://nighthawk.vss.com/data/2009/03" i:type="d3p1:DataEngineStartStop" xmlns:z="http://schemas.microsoft.com/2003/10/Serialization/"><EntityKey xmlns:d4p1="http://schemas.datacontract.org/2004/07/System.Data" i:nil="true" xmlns="http://schemas.datacontract.org/2004/07/System.Data.Objects.DataClasses" /><d3p1:AssetID>365</d3p1:AssetID><d3p1:DebugRefID>0</d3p1:DebugRefID><d3p1:DeviceType>Unknown</d3p1:DeviceType><d3p1:DimSource i:nil="true" /><d3p1:DimSourceReference xmlns:d4p1="http://schemas.datacontract.org/2004/07/System.Data.Objects.DataClasses"><d4p1:EntityKey xmlns:d5p1="http://schemas.datacontract.org/2004/07/System.Data" i:nil="true" /></d3p1:DimSourceReference><d3p1:EventUTC>2009-09-16T13:59:52</d3p1:EventUTC><d3p1:GPSDeviceID i:nil="true" /><d3p1:ID>0</d3p1:ID><d3p1:InsertUTC>0001-01-01T00:00:00</d3p1:InsertUTC><d3p1:IsStart>true</d3p1:IsStart><d3p1:SourceMsgID>119315586</d3p1:SourceMsgID><d3p1:fk_DimSourceID>1</d3p1:fk_DimSourceID></Data><StoreAttempts>0</StoreAttempts></NHDataWrapper><NHDataWrapper><Data z:Id="i16" xmlns:d3p1="http://nighthawk.vss.com/data/2009/03" i:type="d3p1:DataEngineStartStop" xmlns:z="http://schemas.microsoft.com/2003/10/Serialization/"><EntityKey xmlns:d4p1="http://schemas.datacontract.org/2004/07/System.Data" i:nil="true" xmlns="http://schemas.datacontract.org/2004/07/System.Data.Objects.DataClasses" /><d3p1:AssetID>365</d3p1:AssetID><d3p1:DebugRefID>0</d3p1:DebugRefID><d3p1:DeviceType>Unknown</d3p1:DeviceType><d3p1:DimSource i:nil="true" /><d3p1:DimSourceReference xmlns:d4p1="http://schemas.datacontract.org/2004/07/System.Data.Objects.DataClasses"><d4p1:EntityKey xmlns:d5p1="http://schemas.datacontract.org/2004/07/System.Data" i:nil="true" /></d3p1:DimSourceReference><d3p1:EventUTC>2009-09-16T14:26:35</d3p1:EventUTC><d3p1:GPSDeviceID i:nil="true" /><d3p1:ID>0</d3p1:ID><d3p1:InsertUTC>0001-01-01T00:00:00</d3p1:InsertUTC><d3p1:IsStart>false</d3p1:IsStart><d3p1:SourceMsgID>119315586</d3p1:SourceMsgID><d3p1:fk_DimSourceID>1</d3p1:fk_DimSourceID></Data><StoreAttempts>0</StoreAttempts></NHDataWrapper></ArrayOfNHDataWrapper>