<?xml version="1.0" encoding="UTF-8" standalone="no"?>
<ExpectedUtilizationEvents><UtilizationEvent><ID>0</ID><DeviceTypeID>0</DeviceTypeID><IsWorking>false</IsWorking><IsOn>false</IsOn><RuntimeEventTypeID>2</RuntimeEventTypeID><MeterSeconds NS1:nil="true" xmlns:NS1="http://www.w3.org/2001/XMLSchema-instance"></MeterSeconds><InsertUTC>0001-01-01T00:00:00</InsertUTC><EventUTC>0001-01-01T00:00:00</EventUTC><ReceivedUTC>0001-01-01T00:00:00</ReceivedUTC><SensorNumber NS1:nil="true" xmlns:NS1="http://www.w3.org/2001/XMLSchema-instance"></SensorNumber><EventDeviceTime>0001-01-01T00:00:00</EventDeviceTime></UtilizationEvent><UtilizationEvent><ID>0</ID><DeviceTypeID>0</DeviceTypeID><IsWorking>false</IsWorking><IsOn>false</IsOn><RuntimeEventTypeID>3</RuntimeEventTypeID><MeterSeconds NS1:nil="true" xmlns:NS1="http://www.w3.org/2001/XMLSchema-instance"></MeterSeconds><InsertUTC>0001-01-01T00:00:00</InsertUTC><EventUTC>0001-01-01T00:00:00</EventUTC><ReceivedUTC>0001-01-01T00:00:00</ReceivedUTC><SensorNumber NS1:nil="true" xmlns:NS1="http://www.w3.org/2001/XMLSchema-instance"></SensorNumber><EventDeviceTime>0001-01-01T00:00:00</EventDeviceTime></UtilizationEvent><UtilizationEvent><ID>0</ID><DeviceTypeID>0</DeviceTypeID><IsWorking>false</IsWorking><IsOn>false</IsOn><RuntimeEventTypeID>4</RuntimeEventTypeID><MeterSeconds NS1:nil="true" xmlns:NS1="http://www.w3.org/2001/XMLSchema-instance"></MeterSeconds><InsertUTC>0001-01-01T00:00:00</InsertUTC><EventUTC>0001-01-01T00:00:00</EventUTC><ReceivedUTC>0001-01-01T00:00:00</ReceivedUTC><SensorNumber NS1:nil="true" xmlns:NS1="http://www.w3.org/2001/XMLSchema-instance"></SensorNumber><EventDeviceTime>0001-01-01T00:00:00</EventDeviceTime></UtilizationEvent><UtilizationEvent><ID>0</ID><DeviceTypeID>0</DeviceTypeID><IsWorking>true</IsWorking><IsOn>true</IsOn><RuntimeEventTypeID>3</RuntimeEventTypeID><MeterSeconds NS1:nil="true" xmlns:NS1="http://www.w3.org/2001/XMLSchema-instance"></MeterSeconds><InsertUTC>0001-01-01T00:00:00</InsertUTC><EventUTC>0001-01-01T00:00:00</EventUTC><ReceivedUTC>0001-01-01T00:00:00</ReceivedUTC><SensorNumber NS1:nil="true" xmlns:NS1="http://www.w3.org/2001/XMLSchema-instance"></SensorNumber><EventDeviceTime>0001-01-01T00:00:00</EventDeviceTime></UtilizationEvent><UtilizationEvent><ID>0</ID><DeviceTypeID>0</DeviceTypeID><IsWorking>true</IsWorking><IsOn>true</IsOn><RuntimeEventTypeID>4</RuntimeEventTypeID><MeterSeconds NS1:nil="true" xmlns:NS1="http://www.w3.org/2001/XMLSchema-instance"></MeterSeconds><InsertUTC>0001-01-01T00:00:00</InsertUTC><EventUTC>0001-01-01T00:00:00</EventUTC><ReceivedUTC>0001-01-01T00:00:00</ReceivedUTC><SensorNumber NS1:nil="true" xmlns:NS1="http://www.w3.org/2001/XMLSchema-instance"></SensorNumber><EventDeviceTime>0001-01-01T00:00:00</EventDeviceTime></UtilizationEvent><UtilizationEvent><ID>0</ID><DeviceTypeID>0</DeviceTypeID><IsWorking>false</IsWorking><IsOn>true</IsOn><RuntimeEventTypeID>2</RuntimeEventTypeID><MeterSeconds NS1:nil="true" xmlns:NS1="http://www.w3.org/2001/XMLSchema-instance"></MeterSeconds><InsertUTC>0001-01-01T00:00:00</InsertUTC><EventUTC>0001-01-01T00:00:00</EventUTC><ReceivedUTC>0001-01-01T00:00:00</ReceivedUTC><SensorNumber NS1:nil="true" xmlns:NS1="http://www.w3.org/2001/XMLSchema-instance"></SensorNumber><EventDeviceTime>0001-01-01T00:00:00</EventDeviceTime></UtilizationEvent></ExpectedUtilizationEvents>