<?xml version="1.0" encoding="utf-8" ?>
<ExpectedUtilizationEvents>
  <UtilizationEvent>
    <IsWorking>true</IsWorking>
    <IsOn>true</IsOn>
    <RuntimeEventTypeID>1</RuntimeEventTypeID>
  </UtilizationEvent>  
</ExpectedUtilizationEvents>