<?xml version="1.0" encoding="utf-8"?><ArrayOfNHDataWrapper xmlns:i="http://www.w3.org/2001/XMLSchema-instance" xmlns="http://www.nighthawk.com/nighthawk/service/NHData/2009/10"><NHDataWrapper><Data z:Id="i1" xmlns:d3p1="http://nighthawk.vss.com/data/2009/03" i:type="d3p1:DataDigitalSwitchStatus" xmlns:z="http://schemas.microsoft.com/2003/10/Serialization/"><EntityKey xmlns:d4p1="http://schemas.datacontract.org/2004/07/System.Data" i:nil="true" xmlns="http://schemas.datacontract.org/2004/07/System.Data.Objects.DataClasses" /><d3p1:AssetID>396</d3p1:AssetID><d3p1:DebugRefID>12096877</d3p1:DebugRefID><d3p1:DeviceType>ProductLink</d3p1:DeviceType><d3p1:EventUTC>2009-02-05T20:00:51</d3p1:EventUTC><d3p1:GPSDeviceID>-DATA_FEED_TEST08783</d3p1:GPSDeviceID><d3p1:ID>0</d3p1:ID><d3p1:InsertUTC>0001-01-01T00:00:00</d3p1:InsertUTC><d3p1:IsActive>false</d3p1:IsActive><d3p1:Pending>false</d3p1:Pending><d3p1:PowerMode>0</d3p1:PowerMode><d3p1:SourceMsgID>5504319</d3p1:SourceMsgID><d3p1:Switch>1</d3p1:Switch><d3p1:fk_DimSourceID>1</d3p1:fk_DimSourceID></Data><StoreAttempts>0</StoreAttempts></NHDataWrapper><NHDataWrapper><Data z:Id="i2" xmlns:d3p1="http://nighthawk.vss.com/data/2009/03" i:type="d3p1:DataDigitalSwitchStatus" xmlns:z="http://schemas.microsoft.com/2003/10/Serialization/"><EntityKey xmlns:d4p1="http://schemas.datacontract.org/2004/07/System.Data" i:nil="true" xmlns="http://schemas.datacontract.org/2004/07/System.Data.Objects.DataClasses" /><d3p1:AssetID>396</d3p1:AssetID><d3p1:DebugRefID>12096877</d3p1:DebugRefID><d3p1:DeviceType>ProductLink</d3p1:DeviceType><d3p1:EventUTC>2009-02-05T20:00:51</d3p1:EventUTC><d3p1:GPSDeviceID>-DATA_FEED_TEST08783</d3p1:GPSDeviceID><d3p1:ID>0</d3p1:ID><d3p1:InsertUTC>0001-01-01T00:00:00</d3p1:InsertUTC><d3p1:IsActive>false</d3p1:IsActive><d3p1:Pending>false</d3p1:Pending><d3p1:PowerMode>0</d3p1:PowerMode><d3p1:SourceMsgID>5504319</d3p1:SourceMsgID><d3p1:Switch>2</d3p1:Switch><d3p1:fk_DimSourceID>1</d3p1:fk_DimSourceID></Data><StoreAttempts>0</StoreAttempts></NHDataWrapper><NHDataWrapper><Data z:Id="i3" xmlns:d3p1="http://nighthawk.vss.com/data/2009/03" i:type="d3p1:DataDigitalSwitchStatus" xmlns:z="http://schemas.microsoft.com/2003/10/Serialization/"><EntityKey xmlns:d4p1="http://schemas.datacontract.org/2004/07/System.Data" i:nil="true" xmlns="http://schemas.datacontract.org/2004/07/System.Data.Objects.DataClasses" /><d3p1:AssetID>396</d3p1:AssetID><d3p1:DebugRefID>12096877</d3p1:DebugRefID><d3p1:DeviceType>ProductLink</d3p1:DeviceType><d3p1:EventUTC>2009-02-05T20:00:51</d3p1:EventUTC><d3p1:GPSDeviceID>-DATA_FEED_TEST08783</d3p1:GPSDeviceID><d3p1:ID>0</d3p1:ID><d3p1:InsertUTC>0001-01-01T00:00:00</d3p1:InsertUTC><d3p1:IsActive>false</d3p1:IsActive><d3p1:Pending>false</d3p1:Pending><d3p1:PowerMode>0</d3p1:PowerMode><d3p1:SourceMsgID>5504319</d3p1:SourceMsgID><d3p1:Switch>3</d3p1:Switch><d3p1:fk_DimSourceID>1</d3p1:fk_DimSourceID></Data><StoreAttempts>0</StoreAttempts></NHDataWrapper><NHDataWrapper><Data z:Id="i4" xmlns:d3p1="http://nighthawk.vss.com/data/2009/03" i:type="d3p1:DataDigitalSwitchStatus" xmlns:z="http://schemas.microsoft.com/2003/10/Serialization/"><EntityKey xmlns:d4p1="http://schemas.datacontract.org/2004/07/System.Data" i:nil="true" xmlns="http://schemas.datacontract.org/2004/07/System.Data.Objects.DataClasses" /><d3p1:AssetID>396</d3p1:AssetID><d3p1:DebugRefID>12096877</d3p1:DebugRefID><d3p1:DeviceType>ProductLink</d3p1:DeviceType><d3p1:EventUTC>2009-02-05T20:00:51</d3p1:EventUTC><d3p1:GPSDeviceID>-DATA_FEED_TEST08783</d3p1:GPSDeviceID><d3p1:ID>0</d3p1:ID><d3p1:InsertUTC>0001-01-01T00:00:00</d3p1:InsertUTC><d3p1:IsActive>false</d3p1:IsActive><d3p1:Pending>false</d3p1:Pending><d3p1:PowerMode>0</d3p1:PowerMode><d3p1:SourceMsgID>5504319</d3p1:SourceMsgID><d3p1:Switch>4</d3p1:Switch><d3p1:fk_DimSourceID>1</d3p1:fk_DimSourceID></Data><StoreAttempts>0</StoreAttempts></NHDataWrapper><NHDataWrapper><Data z:Id="i5" xmlns:d3p1="http://nighthawk.vss.com/data/2009/03" i:type="d3p1:DataDigitalSwitchStatus" xmlns:z="http://schemas.microsoft.com/2003/10/Serialization/"><EntityKey xmlns:d4p1="http://schemas.datacontract.org/2004/07/System.Data" i:nil="true" xmlns="http://schemas.datacontract.org/2004/07/System.Data.Objects.DataClasses" /><d3p1:AssetID>397</d3p1:AssetID><d3p1:DebugRefID>12096937</d3p1:DebugRefID><d3p1:DeviceType>ProductLink</d3p1:DeviceType><d3p1:EventUTC>2009-02-05T19:12:51</d3p1:EventUTC><d3p1:GPSDeviceID>-DATA_FEED_TEST08764</d3p1:GPSDeviceID><d3p1:ID>0</d3p1:ID><d3p1:InsertUTC>0001-01-01T00:00:00</d3p1:InsertUTC><d3p1:IsActive>false</d3p1:IsActive><d3p1:Pending>false</d3p1:Pending><d3p1:PowerMode>1</d3p1:PowerMode><d3p1:SourceMsgID>5504364</d3p1:SourceMsgID><d3p1:Switch>1</d3p1:Switch><d3p1:fk_DimSourceID>1</d3p1:fk_DimSourceID></Data><StoreAttempts>0</StoreAttempts></NHDataWrapper><NHDataWrapper><Data z:Id="i6" xmlns:d3p1="http://nighthawk.vss.com/data/2009/03" i:type="d3p1:DataDigitalSwitchStatus" xmlns:z="http://schemas.microsoft.com/2003/10/Serialization/"><EntityKey xmlns:d4p1="http://schemas.datacontract.org/2004/07/System.Data" i:nil="true" xmlns="http://schemas.datacontract.org/2004/07/System.Data.Objects.DataClasses" /><d3p1:AssetID>397</d3p1:AssetID><d3p1:DebugRefID>12096937</d3p1:DebugRefID><d3p1:DeviceType>ProductLink</d3p1:DeviceType><d3p1:EventUTC>2009-02-05T19:12:51</d3p1:EventUTC><d3p1:GPSDeviceID>-DATA_FEED_TEST08764</d3p1:GPSDeviceID><d3p1:ID>0</d3p1:ID><d3p1:InsertUTC>0001-01-01T00:00:00</d3p1:InsertUTC><d3p1:IsActive>false</d3p1:IsActive><d3p1:Pending>false</d3p1:Pending><d3p1:PowerMode>1</d3p1:PowerMode><d3p1:SourceMsgID>5504364</d3p1:SourceMsgID><d3p1:Switch>2</d3p1:Switch><d3p1:fk_DimSourceID>1</d3p1:fk_DimSourceID></Data><StoreAttempts>0</StoreAttempts></NHDataWrapper><NHDataWrapper><Data z:Id="i7" xmlns:d3p1="http://nighthawk.vss.com/data/2009/03" i:type="d3p1:DataDigitalSwitchStatus" xmlns:z="http://schemas.microsoft.com/2003/10/Serialization/"><EntityKey xmlns:d4p1="http://schemas.datacontract.org/2004/07/System.Data" i:nil="true" xmlns="http://schemas.datacontract.org/2004/07/System.Data.Objects.DataClasses" /><d3p1:AssetID>397</d3p1:AssetID><d3p1:DebugRefID>12096937</d3p1:DebugRefID><d3p1:DeviceType>ProductLink</d3p1:DeviceType><d3p1:EventUTC>2009-02-05T19:12:51</d3p1:EventUTC><d3p1:GPSDeviceID>-DATA_FEED_TEST08764</d3p1:GPSDeviceID><d3p1:ID>0</d3p1:ID><d3p1:InsertUTC>0001-01-01T00:00:00</d3p1:InsertUTC><d3p1:IsActive>false</d3p1:IsActive><d3p1:Pending>false</d3p1:Pending><d3p1:PowerMode>1</d3p1:PowerMode><d3p1:SourceMsgID>5504364</d3p1:SourceMsgID><d3p1:Switch>3</d3p1:Switch><d3p1:fk_DimSourceID>1</d3p1:fk_DimSourceID></Data><StoreAttempts>0</StoreAttempts></NHDataWrapper><NHDataWrapper><Data z:Id="i8" xmlns:d3p1="http://nighthawk.vss.com/data/2009/03" i:type="d3p1:DataDigitalSwitchStatus" xmlns:z="http://schemas.microsoft.com/2003/10/Serialization/"><EntityKey xmlns:d4p1="http://schemas.datacontract.org/2004/07/System.Data" i:nil="true" xmlns="http://schemas.datacontract.org/2004/07/System.Data.Objects.DataClasses" /><d3p1:AssetID>397</d3p1:AssetID><d3p1:DebugRefID>12096937</d3p1:DebugRefID><d3p1:DeviceType>ProductLink</d3p1:DeviceType><d3p1:EventUTC>2009-02-05T19:12:51</d3p1:EventUTC><d3p1:GPSDeviceID>-DATA_FEED_TEST08764</d3p1:GPSDeviceID><d3p1:ID>0</d3p1:ID><d3p1:InsertUTC>0001-01-01T00:00:00</d3p1:InsertUTC><d3p1:IsActive>false</d3p1:IsActive><d3p1:Pending>false</d3p1:Pending><d3p1:PowerMode>1</d3p1:PowerMode><d3p1:SourceMsgID>5504364</d3p1:SourceMsgID><d3p1:Switch>4</d3p1:Switch><d3p1:fk_DimSourceID>1</d3p1:fk_DimSourceID></Data><StoreAttempts>0</StoreAttempts></NHDataWrapper><NHDataWrapper><Data z:Id="i9" xmlns:d3p1="http://nighthawk.vss.com/data/2009/03" i:type="d3p1:DataDigitalSwitchStatus" xmlns:z="http://schemas.microsoft.com/2003/10/Serialization/"><EntityKey xmlns:d4p1="http://schemas.datacontract.org/2004/07/System.Data" i:nil="true" xmlns="http://schemas.datacontract.org/2004/07/System.Data.Objects.DataClasses" /><d3p1:AssetID>396</d3p1:AssetID><d3p1:DebugRefID>11971925</d3p1:DebugRefID><d3p1:DeviceType>ProductLink</d3p1:DeviceType><d3p1:EventUTC>2009-02-05T19:12:51</d3p1:EventUTC><d3p1:GPSDeviceID>-DQ0200020816Q1</d3p1:GPSDeviceID><d3p1:ID>0</d3p1:ID><d3p1:InsertUTC>0001-01-01T00:00:00</d3p1:InsertUTC><d3p1:IsActive>false</d3p1:IsActive><d3p1:Pending>false</d3p1:Pending><d3p1:PowerMode>2</d3p1:PowerMode><d3p1:SourceMsgID>5491887</d3p1:SourceMsgID><d3p1:Switch>1</d3p1:Switch><d3p1:fk_DimSourceID>1</d3p1:fk_DimSourceID></Data><StoreAttempts>0</StoreAttempts></NHDataWrapper><NHDataWrapper><Data z:Id="i10" xmlns:d3p1="http://nighthawk.vss.com/data/2009/03" i:type="d3p1:DataDigitalSwitchStatus" xmlns:z="http://schemas.microsoft.com/2003/10/Serialization/"><EntityKey xmlns:d4p1="http://schemas.datacontract.org/2004/07/System.Data" i:nil="true" xmlns="http://schemas.datacontract.org/2004/07/System.Data.Objects.DataClasses" /><d3p1:AssetID>396</d3p1:AssetID><d3p1:DebugRefID>11971925</d3p1:DebugRefID><d3p1:DeviceType>ProductLink</d3p1:DeviceType><d3p1:EventUTC>2009-02-05T19:12:51</d3p1:EventUTC><d3p1:GPSDeviceID>-DQ0200020816Q1</d3p1:GPSDeviceID><d3p1:ID>0</d3p1:ID><d3p1:InsertUTC>0001-01-01T00:00:00</d3p1:InsertUTC><d3p1:IsActive>false</d3p1:IsActive><d3p1:Pending>false</d3p1:Pending><d3p1:PowerMode>2</d3p1:PowerMode><d3p1:SourceMsgID>5491887</d3p1:SourceMsgID><d3p1:Switch>2</d3p1:Switch><d3p1:fk_DimSourceID>1</d3p1:fk_DimSourceID></Data><StoreAttempts>0</StoreAttempts></NHDataWrapper><NHDataWrapper><Data z:Id="i11" xmlns:d3p1="http://nighthawk.vss.com/data/2009/03" i:type="d3p1:DataDigitalSwitchStatus" xmlns:z="http://schemas.microsoft.com/2003/10/Serialization/"><EntityKey xmlns:d4p1="http://schemas.datacontract.org/2004/07/System.Data" i:nil="true" xmlns="http://schemas.datacontract.org/2004/07/System.Data.Objects.DataClasses" /><d3p1:AssetID>396</d3p1:AssetID><d3p1:DebugRefID>11971925</d3p1:DebugRefID><d3p1:DeviceType>ProductLink</d3p1:DeviceType><d3p1:EventUTC>2009-02-05T19:12:51</d3p1:EventUTC><d3p1:GPSDeviceID>-DQ0200020816Q1</d3p1:GPSDeviceID><d3p1:ID>0</d3p1:ID><d3p1:InsertUTC>0001-01-01T00:00:00</d3p1:InsertUTC><d3p1:IsActive>false</d3p1:IsActive><d3p1:Pending>false</d3p1:Pending><d3p1:PowerMode>2</d3p1:PowerMode><d3p1:SourceMsgID>5491887</d3p1:SourceMsgID><d3p1:Switch>3</d3p1:Switch><d3p1:fk_DimSourceID>1</d3p1:fk_DimSourceID></Data><StoreAttempts>0</StoreAttempts></NHDataWrapper><NHDataWrapper><Data z:Id="i12" xmlns:d3p1="http://nighthawk.vss.com/data/2009/03" i:type="d3p1:DataDigitalSwitchStatus" xmlns:z="http://schemas.microsoft.com/2003/10/Serialization/"><EntityKey xmlns:d4p1="http://schemas.datacontract.org/2004/07/System.Data" i:nil="true" xmlns="http://schemas.datacontract.org/2004/07/System.Data.Objects.DataClasses" /><d3p1:AssetID>396</d3p1:AssetID><d3p1:DebugRefID>11971925</d3p1:DebugRefID><d3p1:DeviceType>ProductLink</d3p1:DeviceType><d3p1:EventUTC>2009-02-05T19:12:51</d3p1:EventUTC><d3p1:GPSDeviceID>-DQ0200020816Q1</d3p1:GPSDeviceID><d3p1:ID>0</d3p1:ID><d3p1:InsertUTC>0001-01-01T00:00:00</d3p1:InsertUTC><d3p1:IsActive>false</d3p1:IsActive><d3p1:Pending>false</d3p1:Pending><d3p1:PowerMode>2</d3p1:PowerMode><d3p1:SourceMsgID>5491887</d3p1:SourceMsgID><d3p1:Switch>4</d3p1:Switch><d3p1:fk_DimSourceID>1</d3p1:fk_DimSourceID></Data><StoreAttempts>0</StoreAttempts></NHDataWrapper><NHDataWrapper><Data z:Id="i13" xmlns:d3p1="http://nighthawk.vss.com/data/2009/03" i:type="d3p1:DataDigitalSwitchStatus" xmlns:z="http://schemas.microsoft.com/2003/10/Serialization/"><EntityKey xmlns:d4p1="http://schemas.datacontract.org/2004/07/System.Data" i:nil="true" xmlns="http://schemas.datacontract.org/2004/07/System.Data.Objects.DataClasses" /><d3p1:AssetID>396</d3p1:AssetID><d3p1:DebugRefID>11971925</d3p1:DebugRefID><d3p1:DeviceType>ProductLink</d3p1:DeviceType><d3p1:EventUTC>2009-02-05T19:12:51</d3p1:EventUTC><d3p1:GPSDeviceID>-DQ0200079955DQ1</d3p1:GPSDeviceID><d3p1:ID>0</d3p1:ID><d3p1:InsertUTC>0001-01-01T00:00:00</d3p1:InsertUTC><d3p1:IsActive>false</d3p1:IsActive><d3p1:Pending>false</d3p1:Pending><d3p1:PowerMode>3</d3p1:PowerMode><d3p1:SourceMsgID>5491887</d3p1:SourceMsgID><d3p1:Switch>1</d3p1:Switch><d3p1:fk_DimSourceID>1</d3p1:fk_DimSourceID></Data><StoreAttempts>0</StoreAttempts></NHDataWrapper><NHDataWrapper><Data z:Id="i14" xmlns:d3p1="http://nighthawk.vss.com/data/2009/03" i:type="d3p1:DataDigitalSwitchStatus" xmlns:z="http://schemas.microsoft.com/2003/10/Serialization/"><EntityKey xmlns:d4p1="http://schemas.datacontract.org/2004/07/System.Data" i:nil="true" xmlns="http://schemas.datacontract.org/2004/07/System.Data.Objects.DataClasses" /><d3p1:AssetID>396</d3p1:AssetID><d3p1:DebugRefID>11971925</d3p1:DebugRefID><d3p1:DeviceType>ProductLink</d3p1:DeviceType><d3p1:EventUTC>2009-02-05T19:12:51</d3p1:EventUTC><d3p1:GPSDeviceID>-DQ0200079955DQ1</d3p1:GPSDeviceID><d3p1:ID>0</d3p1:ID><d3p1:InsertUTC>0001-01-01T00:00:00</d3p1:InsertUTC><d3p1:IsActive>false</d3p1:IsActive><d3p1:Pending>false</d3p1:Pending><d3p1:PowerMode>3</d3p1:PowerMode><d3p1:SourceMsgID>5491887</d3p1:SourceMsgID><d3p1:Switch>2</d3p1:Switch><d3p1:fk_DimSourceID>1</d3p1:fk_DimSourceID></Data><StoreAttempts>0</StoreAttempts></NHDataWrapper><NHDataWrapper><Data z:Id="i15" xmlns:d3p1="http://nighthawk.vss.com/data/2009/03" i:type="d3p1:DataDigitalSwitchStatus" xmlns:z="http://schemas.microsoft.com/2003/10/Serialization/"><EntityKey xmlns:d4p1="http://schemas.datacontract.org/2004/07/System.Data" i:nil="true" xmlns="http://schemas.datacontract.org/2004/07/System.Data.Objects.DataClasses" /><d3p1:AssetID>396</d3p1:AssetID><d3p1:DebugRefID>11971925</d3p1:DebugRefID><d3p1:DeviceType>ProductLink</d3p1:DeviceType><d3p1:EventUTC>2009-02-05T19:12:51</d3p1:EventUTC><d3p1:GPSDeviceID>-DQ0200079955DQ1</d3p1:GPSDeviceID><d3p1:ID>0</d3p1:ID><d3p1:InsertUTC>0001-01-01T00:00:00</d3p1:InsertUTC><d3p1:IsActive>false</d3p1:IsActive><d3p1:Pending>false</d3p1:Pending><d3p1:PowerMode>3</d3p1:PowerMode><d3p1:SourceMsgID>5491887</d3p1:SourceMsgID><d3p1:Switch>3</d3p1:Switch><d3p1:fk_DimSourceID>1</d3p1:fk_DimSourceID></Data><StoreAttempts>0</StoreAttempts></NHDataWrapper><NHDataWrapper><Data z:Id="i16" xmlns:d3p1="http://nighthawk.vss.com/data/2009/03" i:type="d3p1:DataDigitalSwitchStatus" xmlns:z="http://schemas.microsoft.com/2003/10/Serialization/"><EntityKey xmlns:d4p1="http://schemas.datacontract.org/2004/07/System.Data" i:nil="true" xmlns="http://schemas.datacontract.org/2004/07/System.Data.Objects.DataClasses" /><d3p1:AssetID>396</d3p1:AssetID><d3p1:DebugRefID>11971925</d3p1:DebugRefID><d3p1:DeviceType>ProductLink</d3p1:DeviceType><d3p1:EventUTC>2009-02-05T19:12:51</d3p1:EventUTC><d3p1:GPSDeviceID>-DQ0200079955DQ1</d3p1:GPSDeviceID><d3p1:ID>0</d3p1:ID><d3p1:InsertUTC>0001-01-01T00:00:00</d3p1:InsertUTC><d3p1:IsActive>false</d3p1:IsActive><d3p1:Pending>false</d3p1:Pending><d3p1:PowerMode>3</d3p1:PowerMode><d3p1:SourceMsgID>5491887</d3p1:SourceMsgID><d3p1:Switch>4</d3p1:Switch><d3p1:fk_DimSourceID>1</d3p1:fk_DimSourceID></Data><StoreAttempts>0</StoreAttempts></NHDataWrapper></ArrayOfNHDataWrapper>