<?xml version="1.0" encoding="utf-8"?>
<ArrayOfNHDataWrapper xmlns:i="http://www.w3.org/2001/XMLSchema-instance"
xmlns="http://www.nighthawk.com/nighthawk/service/NHData/2009/10">
  <NHDataWrapper>
    <Data z:Id="i1"
    xmlns:d3p1="http://nighthawk.vss.com/data/2009/03"
    i:type="d3p1:DataEngineParameters"
    xmlns:z="http://schemas.microsoft.com/2003/10/Serialization/">
      <EntityKey xmlns:d4p1="http://schemas.datacontract.org/2004/07/System.Data"
      i:nil="true"
      xmlns="http://schemas.datacontract.org/2004/07/System.Data.Objects.DataClasses" />
      <d3p1:AssetID>0</d3p1:AssetID>
      <d3p1:ConsumptionGallons i:nil="true" />
      <d3p1:DebugRefID>12250362</d3p1:DebugRefID>
      <d3p1:DeviceType>ProductLink</d3p1:DeviceType>
      <d3p1:DimSource i:nil="true" />
      <d3p1:DimSourceReference xmlns:d4p1="http://schemas.datacontract.org/2004/07/System.Data.Objects.DataClasses">

        <d4p1:EntityKey xmlns:d5p1="http://schemas.datacontract.org/2004/07/System.Data"
        i:nil="true" />
      </d3p1:DimSourceReference>
      <d3p1:EngineIdleHours>
      10905198.450000001</d3p1:EngineIdleHours>
      <d3p1:EventUTC>2009-02-18T15:51:54</d3p1:EventUTC>
      <d3p1:GPSDeviceID>-DATA_FEED_TEST08783</d3p1:GPSDeviceID>
      <d3p1:ID>0</d3p1:ID>
      <d3p1:IdleFuelGallons>459.75</d3p1:IdleFuelGallons>
      <d3p1:InsertUTC>0001-01-01T00:00:00</d3p1:InsertUTC>
      <d3p1:LevelPercent i:nil="true" />
      <d3p1:MID i:nil="true" />
      <d3p1:MachineIdleFuelGallons i:nil="true" />
      <d3p1:MachineIdleHours i:nil="true" />
      <d3p1:MaxFuelGallons>9523.875</d3p1:MaxFuelGallons>
      <d3p1:Revolutions>16249914</d3p1:Revolutions>
      <d3p1:SourceMsgID>5518741</d3p1:SourceMsgID>
      <d3p1:Starts>1076</d3p1:Starts>
      <d3p1:UpdateUTC>0001-01-01T00:00:00</d3p1:UpdateUTC>
      <d3p1:fk_DimSourceID>1</d3p1:fk_DimSourceID>
    </Data>
    <StoreAttempts>0</StoreAttempts>
  </NHDataWrapper>
  <NHDataWrapper>
    <Data z:Id="i2"
    xmlns:d3p1="http://nighthawk.vss.com/data/2009/03"
    i:type="d3p1:DataEngineParameters"
    xmlns:z="http://schemas.microsoft.com/2003/10/Serialization/">
      <EntityKey xmlns:d4p1="http://schemas.datacontract.org/2004/07/System.Data"
      i:nil="true"
      xmlns="http://schemas.datacontract.org/2004/07/System.Data.Objects.DataClasses" />
      <d3p1:AssetID>0</d3p1:AssetID>
      <d3p1:ConsumptionGallons i:nil="true" />
      <d3p1:DebugRefID>12250388</d3p1:DebugRefID>
      <d3p1:DeviceType>ProductLink</d3p1:DeviceType>
      <d3p1:DimSource i:nil="true" />
      <d3p1:DimSourceReference xmlns:d4p1="http://schemas.datacontract.org/2004/07/System.Data.Objects.DataClasses">

        <d4p1:EntityKey xmlns:d5p1="http://schemas.datacontract.org/2004/07/System.Data"
        i:nil="true" />
      </d3p1:DimSourceReference>
      <d3p1:EngineIdleHours>
      1378.6000000000001</d3p1:EngineIdleHours>
      <d3p1:EventUTC>2009-02-18T15:51:58</d3p1:EventUTC>
      <d3p1:GPSDeviceID>-DATA_FEED_TEST08783</d3p1:GPSDeviceID>
      <d3p1:ID>0</d3p1:ID>
      <d3p1:IdleFuelGallons>39</d3p1:IdleFuelGallons>
      <d3p1:InsertUTC>0001-01-01T00:00:00</d3p1:InsertUTC>
      <d3p1:LevelPercent i:nil="true" />
      <d3p1:MID i:nil="true" />
      <d3p1:MachineIdleFuelGallons i:nil="true" />
      <d3p1:MachineIdleHours i:nil="true" />
      <d3p1:MaxFuelGallons i:nil="true" />
      <d3p1:Revolutions>34826758</d3p1:Revolutions>
      <d3p1:SourceMsgID>5518763</d3p1:SourceMsgID>
      <d3p1:Starts>1345</d3p1:Starts>
      <d3p1:UpdateUTC>0001-01-01T00:00:00</d3p1:UpdateUTC>
      <d3p1:fk_DimSourceID>1</d3p1:fk_DimSourceID>
    </Data>
    <StoreAttempts>0</StoreAttempts>
  </NHDataWrapper>
  <NHDataWrapper>
    <Data z:Id="i3"
    xmlns:d3p1="http://nighthawk.vss.com/data/2009/03"
    i:type="d3p1:DataEngineParameters"
    xmlns:z="http://schemas.microsoft.com/2003/10/Serialization/">
      <EntityKey xmlns:d4p1="http://schemas.datacontract.org/2004/07/System.Data"
      i:nil="true"
      xmlns="http://schemas.datacontract.org/2004/07/System.Data.Objects.DataClasses" />
      <d3p1:AssetID>0</d3p1:AssetID>
      <d3p1:ConsumptionGallons i:nil="true" />
      <d3p1:DebugRefID>12250388</d3p1:DebugRefID>
      <d3p1:DeviceType>ProductLink</d3p1:DeviceType>
      <d3p1:DimSource i:nil="true" />
      <d3p1:DimSourceReference xmlns:d4p1="http://schemas.datacontract.org/2004/07/System.Data.Objects.DataClasses">

        <d4p1:EntityKey xmlns:d5p1="http://schemas.datacontract.org/2004/07/System.Data"
        i:nil="true" />
      </d3p1:DimSourceReference>
      <d3p1:EngineIdleHours>
      1378.6000000000001</d3p1:EngineIdleHours>
      <d3p1:EventUTC>2009-02-18T15:51:58</d3p1:EventUTC>
      <d3p1:GPSDeviceID>-DQ0200020816Q1</d3p1:GPSDeviceID>
      <d3p1:ID>0</d3p1:ID>
      <d3p1:IdleFuelGallons>39</d3p1:IdleFuelGallons>
      <d3p1:InsertUTC>0001-01-01T00:00:00</d3p1:InsertUTC>
      <d3p1:LevelPercent i:nil="true" />
      <d3p1:MID i:nil="true" />
      <d3p1:MachineIdleFuelGallons i:nil="true" />
      <d3p1:MachineIdleHours i:nil="true" />
      <d3p1:MaxFuelGallons i:nil="true" />
      <d3p1:Revolutions>34826758</d3p1:Revolutions>
      <d3p1:SourceMsgID>5518763</d3p1:SourceMsgID>
      <d3p1:Starts>1345</d3p1:Starts>
      <d3p1:UpdateUTC>0001-01-01T00:00:00</d3p1:UpdateUTC>
      <d3p1:fk_DimSourceID>1</d3p1:fk_DimSourceID>
    </Data>
    <StoreAttempts>0</StoreAttempts>
  </NHDataWrapper>
  <NHDataWrapper>
    <Data z:Id="i4"
    xmlns:d3p1="http://nighthawk.vss.com/data/2009/03"
    i:type="d3p1:DataEngineParameters"
    xmlns:z="http://schemas.microsoft.com/2003/10/Serialization/">
      <EntityKey xmlns:d4p1="http://schemas.datacontract.org/2004/07/System.Data"
      i:nil="true"
      xmlns="http://schemas.datacontract.org/2004/07/System.Data.Objects.DataClasses" />
      <d3p1:AssetID>0</d3p1:AssetID>
      <d3p1:ConsumptionGallons i:nil="true" />
      <d3p1:DebugRefID>12250388</d3p1:DebugRefID>
      <d3p1:DeviceType>ProductLink</d3p1:DeviceType>
      <d3p1:DimSource i:nil="true" />
      <d3p1:DimSourceReference xmlns:d4p1="http://schemas.datacontract.org/2004/07/System.Data.Objects.DataClasses">

        <d4p1:EntityKey xmlns:d5p1="http://schemas.datacontract.org/2004/07/System.Data"
        i:nil="true" />
      </d3p1:DimSourceReference>
      <d3p1:EngineIdleHours>
      1378.6000000000001</d3p1:EngineIdleHours>
      <d3p1:EventUTC>2009-02-18T15:51:58</d3p1:EventUTC>
      <d3p1:GPSDeviceID>-DQ0200079955DQ1</d3p1:GPSDeviceID>
      <d3p1:ID>0</d3p1:ID>
      <d3p1:IdleFuelGallons>39</d3p1:IdleFuelGallons>
      <d3p1:InsertUTC>0001-01-01T00:00:00</d3p1:InsertUTC>
      <d3p1:LevelPercent i:nil="true" />
      <d3p1:MID i:nil="true" />
      <d3p1:MachineIdleFuelGallons i:nil="true" />
      <d3p1:MachineIdleHours i:nil="true" />
      <d3p1:MaxFuelGallons i:nil="true" />
      <d3p1:Revolutions>34826758</d3p1:Revolutions>
      <d3p1:SourceMsgID>5518763</d3p1:SourceMsgID>
      <d3p1:Starts>1345</d3p1:Starts>
      <d3p1:UpdateUTC>0001-01-01T00:00:00</d3p1:UpdateUTC>
      <d3p1:fk_DimSourceID>1</d3p1:fk_DimSourceID>
    </Data>
    <StoreAttempts>0</StoreAttempts>
  </NHDataWrapper>
  <NHDataWrapper>
    <Data z:Id="i5"
    xmlns:d3p1="http://nighthawk.vss.com/data/2009/03"
    i:type="d3p1:DataEngineParameters"
    xmlns:z="http://schemas.microsoft.com/2003/10/Serialization/">
      <EntityKey xmlns:d4p1="http://schemas.datacontract.org/2004/07/System.Data"
      i:nil="true"
      xmlns="http://schemas.datacontract.org/2004/07/System.Data.Objects.DataClasses" />
      <d3p1:AssetID>0</d3p1:AssetID>
      <d3p1:ConsumptionGallons i:nil="true" />
      <d3p1:DebugRefID>12250388</d3p1:DebugRefID>
      <d3p1:DeviceType>ProductLink</d3p1:DeviceType>
      <d3p1:DimSource i:nil="true" />
      <d3p1:DimSourceReference xmlns:d4p1="http://schemas.datacontract.org/2004/07/System.Data.Objects.DataClasses">

        <d4p1:EntityKey xmlns:d5p1="http://schemas.datacontract.org/2004/07/System.Data"
        i:nil="true" />
      </d3p1:DimSourceReference>
      <d3p1:EngineIdleHours>
      1378.6000000000001</d3p1:EngineIdleHours>
      <d3p1:EventUTC>2009-02-18T15:51:58</d3p1:EventUTC>
      <d3p1:GPSDeviceID>-DQ0200079955DQ1</d3p1:GPSDeviceID>
      <d3p1:ID>0</d3p1:ID>
      <d3p1:IdleFuelGallons>39</d3p1:IdleFuelGallons>
      <d3p1:InsertUTC>0001-01-01T00:00:00</d3p1:InsertUTC>
      <d3p1:LevelPercent i:nil="true" />
      <d3p1:MID i:nil="true" />
      <d3p1:MachineIdleFuelGallons i:nil="true" />
      <d3p1:MachineIdleHours i:nil="true" />
      <d3p1:MaxFuelGallons i:nil="true" />
      <d3p1:Revolutions>34826758</d3p1:Revolutions>
      <d3p1:SourceMsgID>5518763</d3p1:SourceMsgID>
      <d3p1:Starts>1345</d3p1:Starts>
      <d3p1:UpdateUTC>0001-01-01T00:00:00</d3p1:UpdateUTC>
      <d3p1:fk_DimSourceID>1</d3p1:fk_DimSourceID>
    </Data>
    <StoreAttempts>0</StoreAttempts>
  </NHDataWrapper>
</ArrayOfNHDataWrapper>
